// Jest Snapshot v1, https://goo.gl/fbAQLP

exports[`Text component check raw text 1`] = `
<span
  onClick={[Function]}
>
  Welt
</span>
`;

exports[`Word component Selected word 1`] = `undefined`;

exports[`Word component Unselected word 1`] = `undefined`;
